ERROR 2026-07-30 20:10:33,528 log 3720703 139909460772672 Internal Server Error: /api/admin/dashboard/stats/
Traceback (most recent call last):
  File "/home/gisbomhj/virtualenv/Efunza/3.10/lib/python3.10/site-packages/django/core/handlers/exception.py", line 55, in inner
    response = get_response(request)
  File "/home/gisbomhj/virtualenv/Efunza/3.10/lib/python3.10/site-packages/django/core/handlers/base.py", line 197, in _get_response
    response = wrapped_callback(request, *callback_args, **callback_kwargs)
  File "/home/gisbomhj/virtualenv/Efunza/3.10/lib/python3.10/site-packages/django/views/decorators/csrf.py", line 65, in _view_wrapper
    return view_func(request, *args, **kwargs)
  File "/home/gisbomhj/virtualenv/Efunza/3.10/lib/python3.10/site-packages/django/views/generic/base.py", line 105, in view
    return self.dispatch(request, *args, **kwargs)
  File "/home/gisbomhj/virtualenv/Efunza/3.10/lib/python3.10/site-packages/rest_framework/views.py", line 515, in dispatch
    response = self.handle_exception(exc)
  File "/home/gisbomhj/virtualenv/Efunza/3.10/lib/python3.10/site-packages/rest_framework/views.py", line 475, in handle_exception
    self.raise_uncaught_exception(exc)
  File "/home/gisbomhj/virtualenv/Efunza/3.10/lib/python3.10/site-packages/rest_framework/views.py", line 486, in raise_uncaught_exception
    raise exc
  File "/home/gisbomhj/virtualenv/Efunza/3.10/lib/python3.10/site-packages/rest_framework/views.py", line 512, in dispatch
    response = handler(request, *args, **kwargs)
  File "/home/gisbomhj/virtualenv/Efunza/3.10/lib/python3.10/site-packages/rest_framework/decorators.py", line 50, in handler
    return func(*args, **kwargs)
  File "/home/gisbomhj/Efunza/api/views.py", line 2751, in admin_dashboard_stats
    top_books = Book.objects.filter(is_published=True).annotate(
  File "/home/gisbomhj/virtualenv/Efunza/3.10/lib/python3.10/site-packages/django/db/models/query.py", line 1654, in annotate
    return self._annotate(args, kwargs, select=True)
  File "/home/gisbomhj/virtualenv/Efunza/3.10/lib/python3.10/site-packages/django/db/models/query.py", line 1706, in _annotate
    clone.query.add_annotation(
  File "/home/gisbomhj/virtualenv/Efunza/3.10/lib/python3.10/site-packages/django/db/models/sql/query.py", line 1220, in add_annotation
    annotation = annotation.resolve_expression(self, allow_joins=True, reuse=None)
  File "/home/gisbomhj/virtualenv/Efunza/3.10/lib/python3.10/site-packages/django/db/models/aggregates.py", line 176, in resolve_expression
    result = super().resolve_expression(*args, **kwargs)
  File "/home/gisbomhj/virtualenv/Efunza/3.10/lib/python3.10/site-packages/django/db/models/aggregates.py", line 63, in resolve_expression
    c = super().resolve_expression(query, allow_joins, reuse, summarize)
  File "/home/gisbomhj/virtualenv/Efunza/3.10/lib/python3.10/site-packages/django/db/models/expressions.py", line 298, in resolve_expression
    source_expressions = [
  File "/home/gisbomhj/virtualenv/Efunza/3.10/lib/python3.10/site-packages/django/db/models/expressions.py", line 300, in <listcomp>
    expr.resolve_expression(query, allow_joins, reuse, summarize, for_save)
  File "/home/gisbomhj/virtualenv/Efunza/3.10/lib/python3.10/site-packages/django/db/models/expressions.py", line 902, in resolve_expression
    return query.resolve_ref(self.name, allow_joins, reuse, summarize)
  File "/home/gisbomhj/virtualenv/Efunza/3.10/lib/python3.10/site-packages/django/db/models/sql/query.py", line 2057, in resolve_ref
    join_info = self.setup_joins(
  File "/home/gisbomhj/virtualenv/Efunza/3.10/lib/python3.10/site-packages/django/db/models/sql/query.py", line 1908, in setup_joins
    path, final_field, targets, rest = self.names_to_path(
  File "/home/gisbomhj/virtualenv/Efunza/3.10/lib/python3.10/site-packages/django/db/models/sql/query.py", line 1813, in names_to_path
    raise FieldError(
django.core.exceptions.FieldError: Cannot resolve keyword 'userbook' into field. Choices are: author, category, cover, created_at, description, estimated_minutes, external_url, file, grade, id, is_featured, is_published, language, metadata, pages, program, reader_records, reading_level, slug, text_content, title, updated_at, xp_reward
ERROR 2026-07-30 20:10:33,678 log 3720703 139909460772672 Internal Server Error: /api/admin/dashboard/stats/
Traceback (most recent call last):
  File "/home/gisbomhj/virtualenv/Efunza/3.10/lib/python3.10/site-packages/django/core/handlers/exception.py", line 55, in inner
    response = get_response(request)
  File "/home/gisbomhj/virtualenv/Efunza/3.10/lib/python3.10/site-packages/django/core/handlers/base.py", line 197, in _get_response
    response = wrapped_callback(request, *callback_args, **callback_kwargs)
  File "/home/gisbomhj/virtualenv/Efunza/3.10/lib/python3.10/site-packages/django/views/decorators/csrf.py", line 65, in _view_wrapper
    return view_func(request, *args, **kwargs)
  File "/home/gisbomhj/virtualenv/Efunza/3.10/lib/python3.10/site-packages/django/views/generic/base.py", line 105, in view
    return self.dispatch(request, *args, **kwargs)
  File "/home/gisbomhj/virtualenv/Efunza/3.10/lib/python3.10/site-packages/rest_framework/views.py", line 515, in dispatch
    response = self.handle_exception(exc)
  File "/home/gisbomhj/virtualenv/Efunza/3.10/lib/python3.10/site-packages/rest_framework/views.py", line 475, in handle_exception
    self.raise_uncaught_exception(exc)
  File "/home/gisbomhj/virtualenv/Efunza/3.10/lib/python3.10/site-packages/rest_framework/views.py", line 486, in raise_uncaught_exception
    raise exc
  File "/home/gisbomhj/virtualenv/Efunza/3.10/lib/python3.10/site-packages/rest_framework/views.py", line 512, in dispatch
    response = handler(request, *args, **kwargs)
  File "/home/gisbomhj/virtualenv/Efunza/3.10/lib/python3.10/site-packages/rest_framework/decorators.py", line 50, in handler
    return func(*args, **kwargs)
  File "/home/gisbomhj/Efunza/api/views.py", line 2751, in admin_dashboard_stats
    top_books = Book.objects.filter(is_published=True).annotate(
  File "/home/gisbomhj/virtualenv/Efunza/3.10/lib/python3.10/site-packages/django/db/models/query.py", line 1654, in annotate
    return self._annotate(args, kwargs, select=True)
  File "/home/gisbomhj/virtualenv/Efunza/3.10/lib/python3.10/site-packages/django/db/models/query.py", line 1706, in _annotate
    clone.query.add_annotation(
  File "/home/gisbomhj/virtualenv/Efunza/3.10/lib/python3.10/site-packages/django/db/models/sql/query.py", line 1220, in add_annotation
    annotation = annotation.resolve_expression(self, allow_joins=True, reuse=None)
  File "/home/gisbomhj/virtualenv/Efunza/3.10/lib/python3.10/site-packages/django/db/models/aggregates.py", line 176, in resolve_expression
    result = super().resolve_expression(*args, **kwargs)
  File "/home/gisbomhj/virtualenv/Efunza/3.10/lib/python3.10/site-packages/django/db/models/aggregates.py", line 63, in resolve_expression
    c = super().resolve_expression(query, allow_joins, reuse, summarize)
  File "/home/gisbomhj/virtualenv/Efunza/3.10/lib/python3.10/site-packages/django/db/models/expressions.py", line 298, in resolve_expression
    source_expressions = [
  File "/home/gisbomhj/virtualenv/Efunza/3.10/lib/python3.10/site-packages/django/db/models/expressions.py", line 300, in <listcomp>
    expr.resolve_expression(query, allow_joins, reuse, summarize, for_save)
  File "/home/gisbomhj/virtualenv/Efunza/3.10/lib/python3.10/site-packages/django/db/models/expressions.py", line 902, in resolve_expression
    return query.resolve_ref(self.name, allow_joins, reuse, summarize)
  File "/home/gisbomhj/virtualenv/Efunza/3.10/lib/python3.10/site-packages/django/db/models/sql/query.py", line 2057, in resolve_ref
    join_info = self.setup_joins(
  File "/home/gisbomhj/virtualenv/Efunza/3.10/lib/python3.10/site-packages/django/db/models/sql/query.py", line 1908, in setup_joins
    path, final_field, targets, rest = self.names_to_path(
  File "/home/gisbomhj/virtualenv/Efunza/3.10/lib/python3.10/site-packages/django/db/models/sql/query.py", line 1813, in names_to_path
    raise FieldError(
django.core.exceptions.FieldError: Cannot resolve keyword 'userbook' into field. Choices are: author, category, cover, created_at, description, estimated_minutes, external_url, file, grade, id, is_featured, is_published, language, metadata, pages, program, reader_records, reading_level, slug, text_content, title, updated_at, xp_reward
ERROR 2026-07-30 20:10:37,885 log 3720703 139909460772672 Internal Server Error: /api/admin/dashboard/stats/
Traceback (most recent call last):
  File "/home/gisbomhj/virtualenv/Efunza/3.10/lib/python3.10/site-packages/django/core/handlers/exception.py", line 55, in inner
    response = get_response(request)
  File "/home/gisbomhj/virtualenv/Efunza/3.10/lib/python3.10/site-packages/django/core/handlers/base.py", line 197, in _get_response
    response = wrapped_callback(request, *callback_args, **callback_kwargs)
  File "/home/gisbomhj/virtualenv/Efunza/3.10/lib/python3.10/site-packages/django/views/decorators/csrf.py", line 65, in _view_wrapper
    return view_func(request, *args, **kwargs)
  File "/home/gisbomhj/virtualenv/Efunza/3.10/lib/python3.10/site-packages/django/views/generic/base.py", line 105, in view
    return self.dispatch(request, *args, **kwargs)
  File "/home/gisbomhj/virtualenv/Efunza/3.10/lib/python3.10/site-packages/rest_framework/views.py", line 515, in dispatch
    response = self.handle_exception(exc)
  File "/home/gisbomhj/virtualenv/Efunza/3.10/lib/python3.10/site-packages/rest_framework/views.py", line 475, in handle_exception
    self.raise_uncaught_exception(exc)
  File "/home/gisbomhj/virtualenv/Efunza/3.10/lib/python3.10/site-packages/rest_framework/views.py", line 486, in raise_uncaught_exception
    raise exc
  File "/home/gisbomhj/virtualenv/Efunza/3.10/lib/python3.10/site-packages/rest_framework/views.py", line 512, in dispatch
    response = handler(request, *args, **kwargs)
  File "/home/gisbomhj/virtualenv/Efunza/3.10/lib/python3.10/site-packages/rest_framework/decorators.py", line 50, in handler
    return func(*args, **kwargs)
  File "/home/gisbomhj/Efunza/api/views.py", line 2751, in admin_dashboard_stats
    top_books = Book.objects.filter(is_published=True).annotate(
  File "/home/gisbomhj/virtualenv/Efunza/3.10/lib/python3.10/site-packages/django/db/models/query.py", line 1654, in annotate
    return self._annotate(args, kwargs, select=True)
  File "/home/gisbomhj/virtualenv/Efunza/3.10/lib/python3.10/site-packages/django/db/models/query.py", line 1706, in _annotate
    clone.query.add_annotation(
  File "/home/gisbomhj/virtualenv/Efunza/3.10/lib/python3.10/site-packages/django/db/models/sql/query.py", line 1220, in add_annotation
    annotation = annotation.resolve_expression(self, allow_joins=True, reuse=None)
  File "/home/gisbomhj/virtualenv/Efunza/3.10/lib/python3.10/site-packages/django/db/models/aggregates.py", line 176, in resolve_expression
    result = super().resolve_expression(*args, **kwargs)
  File "/home/gisbomhj/virtualenv/Efunza/3.10/lib/python3.10/site-packages/django/db/models/aggregates.py", line 63, in resolve_expression
    c = super().resolve_expression(query, allow_joins, reuse, summarize)
  File "/home/gisbomhj/virtualenv/Efunza/3.10/lib/python3.10/site-packages/django/db/models/expressions.py", line 298, in resolve_expression
    source_expressions = [
  File "/home/gisbomhj/virtualenv/Efunza/3.10/lib/python3.10/site-packages/django/db/models/expressions.py", line 300, in <listcomp>
    expr.resolve_expression(query, allow_joins, reuse, summarize, for_save)
  File "/home/gisbomhj/virtualenv/Efunza/3.10/lib/python3.10/site-packages/django/db/models/expressions.py", line 902, in resolve_expression
    return query.resolve_ref(self.name, allow_joins, reuse, summarize)
  File "/home/gisbomhj/virtualenv/Efunza/3.10/lib/python3.10/site-packages/django/db/models/sql/query.py", line 2057, in resolve_ref
    join_info = self.setup_joins(
  File "/home/gisbomhj/virtualenv/Efunza/3.10/lib/python3.10/site-packages/django/db/models/sql/query.py", line 1908, in setup_joins
    path, final_field, targets, rest = self.names_to_path(
  File "/home/gisbomhj/virtualenv/Efunza/3.10/lib/python3.10/site-packages/django/db/models/sql/query.py", line 1813, in names_to_path
    raise FieldError(
django.core.exceptions.FieldError: Cannot resolve keyword 'userbook' into field. Choices are: author, category, cover, created_at, description, estimated_minutes, external_url, file, grade, id, is_featured, is_published, language, metadata, pages, program, reader_records, reading_level, slug, text_content, title, updated_at, xp_reward
ERROR 2026-07-30 20:10:38,428 log 3720703 139909460772672 Internal Server Error: /api/admin/dashboard/stats/
Traceback (most recent call last):
  File "/home/gisbomhj/virtualenv/Efunza/3.10/lib/python3.10/site-packages/django/core/handlers/exception.py", line 55, in inner
    response = get_response(request)
  File "/home/gisbomhj/virtualenv/Efunza/3.10/lib/python3.10/site-packages/django/core/handlers/base.py", line 197, in _get_response
    response = wrapped_callback(request, *callback_args, **callback_kwargs)
  File "/home/gisbomhj/virtualenv/Efunza/3.10/lib/python3.10/site-packages/django/views/decorators/csrf.py", line 65, in _view_wrapper
    return view_func(request, *args, **kwargs)
  File "/home/gisbomhj/virtualenv/Efunza/3.10/lib/python3.10/site-packages/django/views/generic/base.py", line 105, in view
    return self.dispatch(request, *args, **kwargs)
  File "/home/gisbomhj/virtualenv/Efunza/3.10/lib/python3.10/site-packages/rest_framework/views.py", line 515, in dispatch
    response = self.handle_exception(exc)
  File "/home/gisbomhj/virtualenv/Efunza/3.10/lib/python3.10/site-packages/rest_framework/views.py", line 475, in handle_exception
    self.raise_uncaught_exception(exc)
  File "/home/gisbomhj/virtualenv/Efunza/3.10/lib/python3.10/site-packages/rest_framework/views.py", line 486, in raise_uncaught_exception
    raise exc
  File "/home/gisbomhj/virtualenv/Efunza/3.10/lib/python3.10/site-packages/rest_framework/views.py", line 512, in dispatch
    response = handler(request, *args, **kwargs)
  File "/home/gisbomhj/virtualenv/Efunza/3.10/lib/python3.10/site-packages/rest_framework/decorators.py", line 50, in handler
    return func(*args, **kwargs)
  File "/home/gisbomhj/Efunza/api/views.py", line 2751, in admin_dashboard_stats
    top_books = Book.objects.filter(is_published=True).annotate(
  File "/home/gisbomhj/virtualenv/Efunza/3.10/lib/python3.10/site-packages/django/db/models/query.py", line 1654, in annotate
    return self._annotate(args, kwargs, select=True)
  File "/home/gisbomhj/virtualenv/Efunza/3.10/lib/python3.10/site-packages/django/db/models/query.py", line 1706, in _annotate
    clone.query.add_annotation(
  File "/home/gisbomhj/virtualenv/Efunza/3.10/lib/python3.10/site-packages/django/db/models/sql/query.py", line 1220, in add_annotation
    annotation = annotation.resolve_expression(self, allow_joins=True, reuse=None)
  File "/home/gisbomhj/virtualenv/Efunza/3.10/lib/python3.10/site-packages/django/db/models/aggregates.py", line 176, in resolve_expression
    result = super().resolve_expression(*args, **kwargs)
  File "/home/gisbomhj/virtualenv/Efunza/3.10/lib/python3.10/site-packages/django/db/models/aggregates.py", line 63, in resolve_expression
    c = super().resolve_expression(query, allow_joins, reuse, summarize)
  File "/home/gisbomhj/virtualenv/Efunza/3.10/lib/python3.10/site-packages/django/db/models/expressions.py", line 298, in resolve_expression
    source_expressions = [
  File "/home/gisbomhj/virtualenv/Efunza/3.10/lib/python3.10/site-packages/django/db/models/expressions.py", line 300, in <listcomp>
    expr.resolve_expression(query, allow_joins, reuse, summarize, for_save)
  File "/home/gisbomhj/virtualenv/Efunza/3.10/lib/python3.10/site-packages/django/db/models/expressions.py", line 902, in resolve_expression
    return query.resolve_ref(self.name, allow_joins, reuse, summarize)
  File "/home/gisbomhj/virtualenv/Efunza/3.10/lib/python3.10/site-packages/django/db/models/sql/query.py", line 2057, in resolve_ref
    join_info = self.setup_joins(
  File "/home/gisbomhj/virtualenv/Efunza/3.10/lib/python3.10/site-packages/django/db/models/sql/query.py", line 1908, in setup_joins
    path, final_field, targets, rest = self.names_to_path(
  File "/home/gisbomhj/virtualenv/Efunza/3.10/lib/python3.10/site-packages/django/db/models/sql/query.py", line 1813, in names_to_path
    raise FieldError(
django.core.exceptions.FieldError: Cannot resolve keyword 'userbook' into field. Choices are: author, category, cover, created_at, description, estimated_minutes, external_url, file, grade, id, is_featured, is_published, language, metadata, pages, program, reader_records, reading_level, slug, text_content, title, updated_at, xp_reward
ERROR 2026-07-30 20:10:38,674 log 3720703 139909460772672 Internal Server Error: /api/admin/dashboard/stats/
Traceback (most recent call last):
  File "/home/gisbomhj/virtualenv/Efunza/3.10/lib/python3.10/site-packages/django/core/handlers/exception.py", line 55, in inner
    response = get_response(request)
  File "/home/gisbomhj/virtualenv/Efunza/3.10/lib/python3.10/site-packages/django/core/handlers/base.py", line 197, in _get_response
    response = wrapped_callback(request, *callback_args, **callback_kwargs)
  File "/home/gisbomhj/virtualenv/Efunza/3.10/lib/python3.10/site-packages/django/views/decorators/csrf.py", line 65, in _view_wrapper
    return view_func(request, *args, **kwargs)
  File "/home/gisbomhj/virtualenv/Efunza/3.10/lib/python3.10/site-packages/django/views/generic/base.py", line 105, in view
    return self.dispatch(request, *args, **kwargs)
  File "/home/gisbomhj/virtualenv/Efunza/3.10/lib/python3.10/site-packages/rest_framework/views.py", line 515, in dispatch
    response = self.handle_exception(exc)
  File "/home/gisbomhj/virtualenv/Efunza/3.10/lib/python3.10/site-packages/rest_framework/views.py", line 475, in handle_exception
    self.raise_uncaught_exception(exc)
  File "/home/gisbomhj/virtualenv/Efunza/3.10/lib/python3.10/site-packages/rest_framework/views.py", line 486, in raise_uncaught_exception
    raise exc
  File "/home/gisbomhj/virtualenv/Efunza/3.10/lib/python3.10/site-packages/rest_framework/views.py", line 512, in dispatch
    response = handler(request, *args, **kwargs)
  File "/home/gisbomhj/virtualenv/Efunza/3.10/lib/python3.10/site-packages/rest_framework/decorators.py", line 50, in handler
    return func(*args, **kwargs)
  File "/home/gisbomhj/Efunza/api/views.py", line 2751, in admin_dashboard_stats
    top_books = Book.objects.filter(is_published=True).annotate(
  File "/home/gisbomhj/virtualenv/Efunza/3.10/lib/python3.10/site-packages/django/db/models/query.py", line 1654, in annotate
    return self._annotate(args, kwargs, select=True)
  File "/home/gisbomhj/virtualenv/Efunza/3.10/lib/python3.10/site-packages/django/db/models/query.py", line 1706, in _annotate
    clone.query.add_annotation(
  File "/home/gisbomhj/virtualenv/Efunza/3.10/lib/python3.10/site-packages/django/db/models/sql/query.py", line 1220, in add_annotation
    annotation = annotation.resolve_expression(self, allow_joins=True, reuse=None)
  File "/home/gisbomhj/virtualenv/Efunza/3.10/lib/python3.10/site-packages/django/db/models/aggregates.py", line 176, in resolve_expression
    result = super().resolve_expression(*args, **kwargs)
  File "/home/gisbomhj/virtualenv/Efunza/3.10/lib/python3.10/site-packages/django/db/models/aggregates.py", line 63, in resolve_expression
    c = super().resolve_expression(query, allow_joins, reuse, summarize)
  File "/home/gisbomhj/virtualenv/Efunza/3.10/lib/python3.10/site-packages/django/db/models/expressions.py", line 298, in resolve_expression
    source_expressions = [
  File "/home/gisbomhj/virtualenv/Efunza/3.10/lib/python3.10/site-packages/django/db/models/expressions.py", line 300, in <listcomp>
    expr.resolve_expression(query, allow_joins, reuse, summarize, for_save)
  File "/home/gisbomhj/virtualenv/Efunza/3.10/lib/python3.10/site-packages/django/db/models/expressions.py", line 902, in resolve_expression
    return query.resolve_ref(self.name, allow_joins, reuse, summarize)
  File "/home/gisbomhj/virtualenv/Efunza/3.10/lib/python3.10/site-packages/django/db/models/sql/query.py", line 2057, in resolve_ref
    join_info = self.setup_joins(
  File "/home/gisbomhj/virtualenv/Efunza/3.10/lib/python3.10/site-packages/django/db/models/sql/query.py", line 1908, in setup_joins
    path, final_field, targets, rest = self.names_to_path(
  File "/home/gisbomhj/virtualenv/Efunza/3.10/lib/python3.10/site-packages/django/db/models/sql/query.py", line 1813, in names_to_path
    raise FieldError(
django.core.exceptions.FieldError: Cannot resolve keyword 'userbook' into field. Choices are: author, category, cover, created_at, description, estimated_minutes, external_url, file, grade, id, is_featured, is_published, language, metadata, pages, program, reader_records, reading_level, slug, text_content, title, updated_at, xp_reward
ERROR 2026-07-30 20:10:38,912 log 3720703 139909460772672 Internal Server Error: /api/admin/dashboard/stats/
Traceback (most recent call last):
  File "/home/gisbomhj/virtualenv/Efunza/3.10/lib/python3.10/site-packages/django/core/handlers/exception.py", line 55, in inner
    response = get_response(request)
  File "/home/gisbomhj/virtualenv/Efunza/3.10/lib/python3.10/site-packages/django/core/handlers/base.py", line 197, in _get_response
    response = wrapped_callback(request, *callback_args, **callback_kwargs)
  File "/home/gisbomhj/virtualenv/Efunza/3.10/lib/python3.10/site-packages/django/views/decorators/csrf.py", line 65, in _view_wrapper
    return view_func(request, *args, **kwargs)
  File "/home/gisbomhj/virtualenv/Efunza/3.10/lib/python3.10/site-packages/django/views/generic/base.py", line 105, in view
    return self.dispatch(request, *args, **kwargs)
  File "/home/gisbomhj/virtualenv/Efunza/3.10/lib/python3.10/site-packages/rest_framework/views.py", line 515, in dispatch
    response = self.handle_exception(exc)
  File "/home/gisbomhj/virtualenv/Efunza/3.10/lib/python3.10/site-packages/rest_framework/views.py", line 475, in handle_exception
    self.raise_uncaught_exception(exc)
  File "/home/gisbomhj/virtualenv/Efunza/3.10/lib/python3.10/site-packages/rest_framework/views.py", line 486, in raise_uncaught_exception
    raise exc
  File "/home/gisbomhj/virtualenv/Efunza/3.10/lib/python3.10/site-packages/rest_framework/views.py", line 512, in dispatch
    response = handler(request, *args, **kwargs)
  File "/home/gisbomhj/virtualenv/Efunza/3.10/lib/python3.10/site-packages/rest_framework/decorators.py", line 50, in handler
    return func(*args, **kwargs)
  File "/home/gisbomhj/Efunza/api/views.py", line 2751, in admin_dashboard_stats
    top_books = Book.objects.filter(is_published=True).annotate(
  File "/home/gisbomhj/virtualenv/Efunza/3.10/lib/python3.10/site-packages/django/db/models/query.py", line 1654, in annotate
    return self._annotate(args, kwargs, select=True)
  File "/home/gisbomhj/virtualenv/Efunza/3.10/lib/python3.10/site-packages/django/db/models/query.py", line 1706, in _annotate
    clone.query.add_annotation(
  File "/home/gisbomhj/virtualenv/Efunza/3.10/lib/python3.10/site-packages/django/db/models/sql/query.py", line 1220, in add_annotation
    annotation = annotation.resolve_expression(self, allow_joins=True, reuse=None)
  File "/home/gisbomhj/virtualenv/Efunza/3.10/lib/python3.10/site-packages/django/db/models/aggregates.py", line 176, in resolve_expression
    result = super().resolve_expression(*args, **kwargs)
  File "/home/gisbomhj/virtualenv/Efunza/3.10/lib/python3.10/site-packages/django/db/models/aggregates.py", line 63, in resolve_expression
    c = super().resolve_expression(query, allow_joins, reuse, summarize)
  File "/home/gisbomhj/virtualenv/Efunza/3.10/lib/python3.10/site-packages/django/db/models/expressions.py", line 298, in resolve_expression
    source_expressions = [
  File "/home/gisbomhj/virtualenv/Efunza/3.10/lib/python3.10/site-packages/django/db/models/expressions.py", line 300, in <listcomp>
    expr.resolve_expression(query, allow_joins, reuse, summarize, for_save)
  File "/home/gisbomhj/virtualenv/Efunza/3.10/lib/python3.10/site-packages/django/db/models/expressions.py", line 902, in resolve_expression
    return query.resolve_ref(self.name, allow_joins, reuse, summarize)
  File "/home/gisbomhj/virtualenv/Efunza/3.10/lib/python3.10/site-packages/django/db/models/sql/query.py", line 2057, in resolve_ref
    join_info = self.setup_joins(
  File "/home/gisbomhj/virtualenv/Efunza/3.10/lib/python3.10/site-packages/django/db/models/sql/query.py", line 1908, in setup_joins
    path, final_field, targets, rest = self.names_to_path(
  File "/home/gisbomhj/virtualenv/Efunza/3.10/lib/python3.10/site-packages/django/db/models/sql/query.py", line 1813, in names_to_path
    raise FieldError(
django.core.exceptions.FieldError: Cannot resolve keyword 'userbook' into field. Choices are: author, category, cover, created_at, description, estimated_minutes, external_url, file, grade, id, is_featured, is_published, language, metadata, pages, program, reader_records, reading_level, slug, text_content, title, updated_at, xp_reward
ERROR 2026-07-30 20:10:39,299 log 3720703 139909460772672 Internal Server Error: /api/admin/dashboard/stats/
Traceback (most recent call last):
  File "/home/gisbomhj/virtualenv/Efunza/3.10/lib/python3.10/site-packages/django/core/handlers/exception.py", line 55, in inner
    response = get_response(request)
  File "/home/gisbomhj/virtualenv/Efunza/3.10/lib/python3.10/site-packages/django/core/handlers/base.py", line 197, in _get_response
    response = wrapped_callback(request, *callback_args, **callback_kwargs)
  File "/home/gisbomhj/virtualenv/Efunza/3.10/lib/python3.10/site-packages/django/views/decorators/csrf.py", line 65, in _view_wrapper
    return view_func(request, *args, **kwargs)
  File "/home/gisbomhj/virtualenv/Efunza/3.10/lib/python3.10/site-packages/django/views/generic/base.py", line 105, in view
    return self.dispatch(request, *args, **kwargs)
  File "/home/gisbomhj/virtualenv/Efunza/3.10/lib/python3.10/site-packages/rest_framework/views.py", line 515, in dispatch
    response = self.handle_exception(exc)
  File "/home/gisbomhj/virtualenv/Efunza/3.10/lib/python3.10/site-packages/rest_framework/views.py", line 475, in handle_exception
    self.raise_uncaught_exception(exc)
  File "/home/gisbomhj/virtualenv/Efunza/3.10/lib/python3.10/site-packages/rest_framework/views.py", line 486, in raise_uncaught_exception
    raise exc
  File "/home/gisbomhj/virtualenv/Efunza/3.10/lib/python3.10/site-packages/rest_framework/views.py", line 512, in dispatch
    response = handler(request, *args, **kwargs)
  File "/home/gisbomhj/virtualenv/Efunza/3.10/lib/python3.10/site-packages/rest_framework/decorators.py", line 50, in handler
    return func(*args, **kwargs)
  File "/home/gisbomhj/Efunza/api/views.py", line 2751, in admin_dashboard_stats
    top_books = Book.objects.filter(is_published=True).annotate(
  File "/home/gisbomhj/virtualenv/Efunza/3.10/lib/python3.10/site-packages/django/db/models/query.py", line 1654, in annotate
    return self._annotate(args, kwargs, select=True)
  File "/home/gisbomhj/virtualenv/Efunza/3.10/lib/python3.10/site-packages/django/db/models/query.py", line 1706, in _annotate
    clone.query.add_annotation(
  File "/home/gisbomhj/virtualenv/Efunza/3.10/lib/python3.10/site-packages/django/db/models/sql/query.py", line 1220, in add_annotation
    annotation = annotation.resolve_expression(self, allow_joins=True, reuse=None)
  File "/home/gisbomhj/virtualenv/Efunza/3.10/lib/python3.10/site-packages/django/db/models/aggregates.py", line 176, in resolve_expression
    result = super().resolve_expression(*args, **kwargs)
  File "/home/gisbomhj/virtualenv/Efunza/3.10/lib/python3.10/site-packages/django/db/models/aggregates.py", line 63, in resolve_expression
    c = super().resolve_expression(query, allow_joins, reuse, summarize)
  File "/home/gisbomhj/virtualenv/Efunza/3.10/lib/python3.10/site-packages/django/db/models/expressions.py", line 298, in resolve_expression
    source_expressions = [
  File "/home/gisbomhj/virtualenv/Efunza/3.10/lib/python3.10/site-packages/django/db/models/expressions.py", line 300, in <listcomp>
    expr.resolve_expression(query, allow_joins, reuse, summarize, for_save)
  File "/home/gisbomhj/virtualenv/Efunza/3.10/lib/python3.10/site-packages/django/db/models/expressions.py", line 902, in resolve_expression
    return query.resolve_ref(self.name, allow_joins, reuse, summarize)
  File "/home/gisbomhj/virtualenv/Efunza/3.10/lib/python3.10/site-packages/django/db/models/sql/query.py", line 2057, in resolve_ref
    join_info = self.setup_joins(
  File "/home/gisbomhj/virtualenv/Efunza/3.10/lib/python3.10/site-packages/django/db/models/sql/query.py", line 1908, in setup_joins
    path, final_field, targets, rest = self.names_to_path(
  File "/home/gisbomhj/virtualenv/Efunza/3.10/lib/python3.10/site-packages/django/db/models/sql/query.py", line 1813, in names_to_path
    raise FieldError(
django.core.exceptions.FieldError: Cannot resolve keyword 'userbook' into field. Choices are: author, category, cover, created_at, description, estimated_minutes, external_url, file, grade, id, is_featured, is_published, language, metadata, pages, program, reader_records, reading_level, slug, text_content, title, updated_at, xp_reward
ERROR 2026-07-30 20:10:39,833 log 3720703 139909460772672 Internal Server Error: /api/admin/dashboard/stats/
Traceback (most recent call last):
  File "/home/gisbomhj/virtualenv/Efunza/3.10/lib/python3.10/site-packages/django/core/handlers/exception.py", line 55, in inner
    response = get_response(request)
  File "/home/gisbomhj/virtualenv/Efunza/3.10/lib/python3.10/site-packages/django/core/handlers/base.py", line 197, in _get_response
    response = wrapped_callback(request, *callback_args, **callback_kwargs)
  File "/home/gisbomhj/virtualenv/Efunza/3.10/lib/python3.10/site-packages/django/views/decorators/csrf.py", line 65, in _view_wrapper
    return view_func(request, *args, **kwargs)
  File "/home/gisbomhj/virtualenv/Efunza/3.10/lib/python3.10/site-packages/django/views/generic/base.py", line 105, in view
    return self.dispatch(request, *args, **kwargs)
  File "/home/gisbomhj/virtualenv/Efunza/3.10/lib/python3.10/site-packages/rest_framework/views.py", line 515, in dispatch
    response = self.handle_exception(exc)
  File "/home/gisbomhj/virtualenv/Efunza/3.10/lib/python3.10/site-packages/rest_framework/views.py", line 475, in handle_exception
    self.raise_uncaught_exception(exc)
  File "/home/gisbomhj/virtualenv/Efunza/3.10/lib/python3.10/site-packages/rest_framework/views.py", line 486, in raise_uncaught_exception
    raise exc
  File "/home/gisbomhj/virtualenv/Efunza/3.10/lib/python3.10/site-packages/rest_framework/views.py", line 512, in dispatch
    response = handler(request, *args, **kwargs)
  File "/home/gisbomhj/virtualenv/Efunza/3.10/lib/python3.10/site-packages/rest_framework/decorators.py", line 50, in handler
    return func(*args, **kwargs)
  File "/home/gisbomhj/Efunza/api/views.py", line 2751, in admin_dashboard_stats
    top_books = Book.objects.filter(is_published=True).annotate(
  File "/home/gisbomhj/virtualenv/Efunza/3.10/lib/python3.10/site-packages/django/db/models/query.py", line 1654, in annotate
    return self._annotate(args, kwargs, select=True)
  File "/home/gisbomhj/virtualenv/Efunza/3.10/lib/python3.10/site-packages/django/db/models/query.py", line 1706, in _annotate
    clone.query.add_annotation(
  File "/home/gisbomhj/virtualenv/Efunza/3.10/lib/python3.10/site-packages/django/db/models/sql/query.py", line 1220, in add_annotation
    annotation = annotation.resolve_expression(self, allow_joins=True, reuse=None)
  File "/home/gisbomhj/virtualenv/Efunza/3.10/lib/python3.10/site-packages/django/db/models/aggregates.py", line 176, in resolve_expression
    result = super().resolve_expression(*args, **kwargs)
  File "/home/gisbomhj/virtualenv/Efunza/3.10/lib/python3.10/site-packages/django/db/models/aggregates.py", line 63, in resolve_expression
    c = super().resolve_expression(query, allow_joins, reuse, summarize)
  File "/home/gisbomhj/virtualenv/Efunza/3.10/lib/python3.10/site-packages/django/db/models/expressions.py", line 298, in resolve_expression
    source_expressions = [
  File "/home/gisbomhj/virtualenv/Efunza/3.10/lib/python3.10/site-packages/django/db/models/expressions.py", line 300, in <listcomp>
    expr.resolve_expression(query, allow_joins, reuse, summarize, for_save)
  File "/home/gisbomhj/virtualenv/Efunza/3.10/lib/python3.10/site-packages/django/db/models/expressions.py", line 902, in resolve_expression
    return query.resolve_ref(self.name, allow_joins, reuse, summarize)
  File "/home/gisbomhj/virtualenv/Efunza/3.10/lib/python3.10/site-packages/django/db/models/sql/query.py", line 2057, in resolve_ref
    join_info = self.setup_joins(
  File "/home/gisbomhj/virtualenv/Efunza/3.10/lib/python3.10/site-packages/django/db/models/sql/query.py", line 1908, in setup_joins
    path, final_field, targets, rest = self.names_to_path(
  File "/home/gisbomhj/virtualenv/Efunza/3.10/lib/python3.10/site-packages/django/db/models/sql/query.py", line 1813, in names_to_path
    raise FieldError(
django.core.exceptions.FieldError: Cannot resolve keyword 'userbook' into field. Choices are: author, category, cover, created_at, description, estimated_minutes, external_url, file, grade, id, is_featured, is_published, language, metadata, pages, program, reader_records, reading_level, slug, text_content, title, updated_at, xp_reward
ERROR 2026-07-30 20:10:40,160 log 3720703 139909460772672 Internal Server Error: /api/admin/dashboard/stats/
Traceback (most recent call last):
  File "/home/gisbomhj/virtualenv/Efunza/3.10/lib/python3.10/site-packages/django/core/handlers/exception.py", line 55, in inner
    response = get_response(request)
  File "/home/gisbomhj/virtualenv/Efunza/3.10/lib/python3.10/site-packages/django/core/handlers/base.py", line 197, in _get_response
    response = wrapped_callback(request, *callback_args, **callback_kwargs)
  File "/home/gisbomhj/virtualenv/Efunza/3.10/lib/python3.10/site-packages/django/views/decorators/csrf.py", line 65, in _view_wrapper
    return view_func(request, *args, **kwargs)
  File "/home/gisbomhj/virtualenv/Efunza/3.10/lib/python3.10/site-packages/django/views/generic/base.py", line 105, in view
    return self.dispatch(request, *args, **kwargs)
  File "/home/gisbomhj/virtualenv/Efunza/3.10/lib/python3.10/site-packages/rest_framework/views.py", line 515, in dispatch
    response = self.handle_exception(exc)
  File "/home/gisbomhj/virtualenv/Efunza/3.10/lib/python3.10/site-packages/rest_framework/views.py", line 475, in handle_exception
    self.raise_uncaught_exception(exc)
  File "/home/gisbomhj/virtualenv/Efunza/3.10/lib/python3.10/site-packages/rest_framework/views.py", line 486, in raise_uncaught_exception
    raise exc
  File "/home/gisbomhj/virtualenv/Efunza/3.10/lib/python3.10/site-packages/rest_framework/views.py", line 512, in dispatch
    response = handler(request, *args, **kwargs)
  File "/home/gisbomhj/virtualenv/Efunza/3.10/lib/python3.10/site-packages/rest_framework/decorators.py", line 50, in handler
    return func(*args, **kwargs)
  File "/home/gisbomhj/Efunza/api/views.py", line 2751, in admin_dashboard_stats
    top_books = Book.objects.filter(is_published=True).annotate(
  File "/home/gisbomhj/virtualenv/Efunza/3.10/lib/python3.10/site-packages/django/db/models/query.py", line 1654, in annotate
    return self._annotate(args, kwargs, select=True)
  File "/home/gisbomhj/virtualenv/Efunza/3.10/lib/python3.10/site-packages/django/db/models/query.py", line 1706, in _annotate
    clone.query.add_annotation(
  File "/home/gisbomhj/virtualenv/Efunza/3.10/lib/python3.10/site-packages/django/db/models/sql/query.py", line 1220, in add_annotation
    annotation = annotation.resolve_expression(self, allow_joins=True, reuse=None)
  File "/home/gisbomhj/virtualenv/Efunza/3.10/lib/python3.10/site-packages/django/db/models/aggregates.py", line 176, in resolve_expression
    result = super().resolve_expression(*args, **kwargs)
  File "/home/gisbomhj/virtualenv/Efunza/3.10/lib/python3.10/site-packages/django/db/models/aggregates.py", line 63, in resolve_expression
    c = super().resolve_expression(query, allow_joins, reuse, summarize)
  File "/home/gisbomhj/virtualenv/Efunza/3.10/lib/python3.10/site-packages/django/db/models/expressions.py", line 298, in resolve_expression
    source_expressions = [
  File "/home/gisbomhj/virtualenv/Efunza/3.10/lib/python3.10/site-packages/django/db/models/expressions.py", line 300, in <listcomp>
    expr.resolve_expression(query, allow_joins, reuse, summarize, for_save)
  File "/home/gisbomhj/virtualenv/Efunza/3.10/lib/python3.10/site-packages/django/db/models/expressions.py", line 902, in resolve_expression
    return query.resolve_ref(self.name, allow_joins, reuse, summarize)
  File "/home/gisbomhj/virtualenv/Efunza/3.10/lib/python3.10/site-packages/django/db/models/sql/query.py", line 2057, in resolve_ref
    join_info = self.setup_joins(
  File "/home/gisbomhj/virtualenv/Efunza/3.10/lib/python3.10/site-packages/django/db/models/sql/query.py", line 1908, in setup_joins
    path, final_field, targets, rest = self.names_to_path(
  File "/home/gisbomhj/virtualenv/Efunza/3.10/lib/python3.10/site-packages/django/db/models/sql/query.py", line 1813, in names_to_path
    raise FieldError(
django.core.exceptions.FieldError: Cannot resolve keyword 'userbook' into field. Choices are: author, category, cover, created_at, description, estimated_minutes, external_url, file, grade, id, is_featured, is_published, language, metadata, pages, program, reader_records, reading_level, slug, text_content, title, updated_at, xp_reward
ERROR 2026-07-30 20:10:40,400 log 3720703 139909460772672 Internal Server Error: /api/admin/dashboard/stats/
Traceback (most recent call last):
  File "/home/gisbomhj/virtualenv/Efunza/3.10/lib/python3.10/site-packages/django/core/handlers/exception.py", line 55, in inner
    response = get_response(request)
  File "/home/gisbomhj/virtualenv/Efunza/3.10/lib/python3.10/site-packages/django/core/handlers/base.py", line 197, in _get_response
    response = wrapped_callback(request, *callback_args, **callback_kwargs)
  File "/home/gisbomhj/virtualenv/Efunza/3.10/lib/python3.10/site-packages/django/views/decorators/csrf.py", line 65, in _view_wrapper
    return view_func(request, *args, **kwargs)
  File "/home/gisbomhj/virtualenv/Efunza/3.10/lib/python3.10/site-packages/django/views/generic/base.py", line 105, in view
    return self.dispatch(request, *args, **kwargs)
  File "/home/gisbomhj/virtualenv/Efunza/3.10/lib/python3.10/site-packages/rest_framework/views.py", line 515, in dispatch
    response = self.handle_exception(exc)
  File "/home/gisbomhj/virtualenv/Efunza/3.10/lib/python3.10/site-packages/rest_framework/views.py", line 475, in handle_exception
    self.raise_uncaught_exception(exc)
  File "/home/gisbomhj/virtualenv/Efunza/3.10/lib/python3.10/site-packages/rest_framework/views.py", line 486, in raise_uncaught_exception
    raise exc
  File "/home/gisbomhj/virtualenv/Efunza/3.10/lib/python3.10/site-packages/rest_framework/views.py", line 512, in dispatch
    response = handler(request, *args, **kwargs)
  File "/home/gisbomhj/virtualenv/Efunza/3.10/lib/python3.10/site-packages/rest_framework/decorators.py", line 50, in handler
    return func(*args, **kwargs)
  File "/home/gisbomhj/Efunza/api/views.py", line 2751, in admin_dashboard_stats
    top_books = Book.objects.filter(is_published=True).annotate(
  File "/home/gisbomhj/virtualenv/Efunza/3.10/lib/python3.10/site-packages/django/db/models/query.py", line 1654, in annotate
    return self._annotate(args, kwargs, select=True)
  File "/home/gisbomhj/virtualenv/Efunza/3.10/lib/python3.10/site-packages/django/db/models/query.py", line 1706, in _annotate
    clone.query.add_annotation(
  File "/home/gisbomhj/virtualenv/Efunza/3.10/lib/python3.10/site-packages/django/db/models/sql/query.py", line 1220, in add_annotation
    annotation = annotation.resolve_expression(self, allow_joins=True, reuse=None)
  File "/home/gisbomhj/virtualenv/Efunza/3.10/lib/python3.10/site-packages/django/db/models/aggregates.py", line 176, in resolve_expression
    result = super().resolve_expression(*args, **kwargs)
  File "/home/gisbomhj/virtualenv/Efunza/3.10/lib/python3.10/site-packages/django/db/models/aggregates.py", line 63, in resolve_expression
    c = super().resolve_expression(query, allow_joins, reuse, summarize)
  File "/home/gisbomhj/virtualenv/Efunza/3.10/lib/python3.10/site-packages/django/db/models/expressions.py", line 298, in resolve_expression
    source_expressions = [
  File "/home/gisbomhj/virtualenv/Efunza/3.10/lib/python3.10/site-packages/django/db/models/expressions.py", line 300, in <listcomp>
    expr.resolve_expression(query, allow_joins, reuse, summarize, for_save)
  File "/home/gisbomhj/virtualenv/Efunza/3.10/lib/python3.10/site-packages/django/db/models/expressions.py", line 902, in resolve_expression
    return query.resolve_ref(self.name, allow_joins, reuse, summarize)
  File "/home/gisbomhj/virtualenv/Efunza/3.10/lib/python3.10/site-packages/django/db/models/sql/query.py", line 2057, in resolve_ref
    join_info = self.setup_joins(
  File "/home/gisbomhj/virtualenv/Efunza/3.10/lib/python3.10/site-packages/django/db/models/sql/query.py", line 1908, in setup_joins
    path, final_field, targets, rest = self.names_to_path(
  File "/home/gisbomhj/virtualenv/Efunza/3.10/lib/python3.10/site-packages/django/db/models/sql/query.py", line 1813, in names_to_path
    raise FieldError(
django.core.exceptions.FieldError: Cannot resolve keyword 'userbook' into field. Choices are: author, category, cover, created_at, description, estimated_minutes, external_url, file, grade, id, is_featured, is_published, language, metadata, pages, program, reader_records, reading_level, slug, text_content, title, updated_at, xp_reward
ERROR 2026-07-30 22:24:35,879 log 3890417 139708881528640 Internal Server Error: /api/admin/dashboard/stats/
Traceback (most recent call last):
  File "/home/gisbomhj/virtualenv/Efunza/3.10/lib/python3.10/site-packages/django/core/handlers/exception.py", line 55, in inner
    response = get_response(request)
  File "/home/gisbomhj/virtualenv/Efunza/3.10/lib/python3.10/site-packages/django/core/handlers/base.py", line 197, in _get_response
    response = wrapped_callback(request, *callback_args, **callback_kwargs)
  File "/home/gisbomhj/virtualenv/Efunza/3.10/lib/python3.10/site-packages/django/views/decorators/csrf.py", line 65, in _view_wrapper
    return view_func(request, *args, **kwargs)
  File "/home/gisbomhj/virtualenv/Efunza/3.10/lib/python3.10/site-packages/django/views/generic/base.py", line 105, in view
    return self.dispatch(request, *args, **kwargs)
  File "/home/gisbomhj/virtualenv/Efunza/3.10/lib/python3.10/site-packages/rest_framework/views.py", line 515, in dispatch
    response = self.handle_exception(exc)
  File "/home/gisbomhj/virtualenv/Efunza/3.10/lib/python3.10/site-packages/rest_framework/views.py", line 475, in handle_exception
    self.raise_uncaught_exception(exc)
  File "/home/gisbomhj/virtualenv/Efunza/3.10/lib/python3.10/site-packages/rest_framework/views.py", line 486, in raise_uncaught_exception
    raise exc
  File "/home/gisbomhj/virtualenv/Efunza/3.10/lib/python3.10/site-packages/rest_framework/views.py", line 512, in dispatch
    response = handler(request, *args, **kwargs)
  File "/home/gisbomhj/virtualenv/Efunza/3.10/lib/python3.10/site-packages/rest_framework/decorators.py", line 50, in handler
    return func(*args, **kwargs)
  File "/home/gisbomhj/Efunza/api/views.py", line 2751, in admin_dashboard_stats
    top_books = Book.objects.filter(is_published=True).annotate(
  File "/home/gisbomhj/virtualenv/Efunza/3.10/lib/python3.10/site-packages/django/db/models/query.py", line 1654, in annotate
    return self._annotate(args, kwargs, select=True)
  File "/home/gisbomhj/virtualenv/Efunza/3.10/lib/python3.10/site-packages/django/db/models/query.py", line 1706, in _annotate
    clone.query.add_annotation(
  File "/home/gisbomhj/virtualenv/Efunza/3.10/lib/python3.10/site-packages/django/db/models/sql/query.py", line 1220, in add_annotation
    annotation = annotation.resolve_expression(self, allow_joins=True, reuse=None)
  File "/home/gisbomhj/virtualenv/Efunza/3.10/lib/python3.10/site-packages/django/db/models/aggregates.py", line 176, in resolve_expression
    result = super().resolve_expression(*args, **kwargs)
  File "/home/gisbomhj/virtualenv/Efunza/3.10/lib/python3.10/site-packages/django/db/models/aggregates.py", line 63, in resolve_expression
    c = super().resolve_expression(query, allow_joins, reuse, summarize)
  File "/home/gisbomhj/virtualenv/Efunza/3.10/lib/python3.10/site-packages/django/db/models/expressions.py", line 298, in resolve_expression
    source_expressions = [
  File "/home/gisbomhj/virtualenv/Efunza/3.10/lib/python3.10/site-packages/django/db/models/expressions.py", line 300, in <listcomp>
    expr.resolve_expression(query, allow_joins, reuse, summarize, for_save)
  File "/home/gisbomhj/virtualenv/Efunza/3.10/lib/python3.10/site-packages/django/db/models/expressions.py", line 902, in resolve_expression
    return query.resolve_ref(self.name, allow_joins, reuse, summarize)
  File "/home/gisbomhj/virtualenv/Efunza/3.10/lib/python3.10/site-packages/django/db/models/sql/query.py", line 2057, in resolve_ref
    join_info = self.setup_joins(
  File "/home/gisbomhj/virtualenv/Efunza/3.10/lib/python3.10/site-packages/django/db/models/sql/query.py", line 1908, in setup_joins
    path, final_field, targets, rest = self.names_to_path(
  File "/home/gisbomhj/virtualenv/Efunza/3.10/lib/python3.10/site-packages/django/db/models/sql/query.py", line 1813, in names_to_path
    raise FieldError(
django.core.exceptions.FieldError: Cannot resolve keyword 'userbook' into field. Choices are: author, category, cover, created_at, description, estimated_minutes, external_url, file, grade, id, is_featured, is_published, language, metadata, pages, program, reader_records, reading_level, slug, text_content, title, updated_at, xp_reward
ERROR 2026-07-30 22:24:36,019 log 3890417 139708881528640 Internal Server Error: /api/admin/dashboard/stats/
Traceback (most recent call last):
  File "/home/gisbomhj/virtualenv/Efunza/3.10/lib/python3.10/site-packages/django/core/handlers/exception.py", line 55, in inner
    response = get_response(request)
  File "/home/gisbomhj/virtualenv/Efunza/3.10/lib/python3.10/site-packages/django/core/handlers/base.py", line 197, in _get_response
    response = wrapped_callback(request, *callback_args, **callback_kwargs)
  File "/home/gisbomhj/virtualenv/Efunza/3.10/lib/python3.10/site-packages/django/views/decorators/csrf.py", line 65, in _view_wrapper
    return view_func(request, *args, **kwargs)
  File "/home/gisbomhj/virtualenv/Efunza/3.10/lib/python3.10/site-packages/django/views/generic/base.py", line 105, in view
    return self.dispatch(request, *args, **kwargs)
  File "/home/gisbomhj/virtualenv/Efunza/3.10/lib/python3.10/site-packages/rest_framework/views.py", line 515, in dispatch
    response = self.handle_exception(exc)
  File "/home/gisbomhj/virtualenv/Efunza/3.10/lib/python3.10/site-packages/rest_framework/views.py", line 475, in handle_exception
    self.raise_uncaught_exception(exc)
  File "/home/gisbomhj/virtualenv/Efunza/3.10/lib/python3.10/site-packages/rest_framework/views.py", line 486, in raise_uncaught_exception
    raise exc
  File "/home/gisbomhj/virtualenv/Efunza/3.10/lib/python3.10/site-packages/rest_framework/views.py", line 512, in dispatch
    response = handler(request, *args, **kwargs)
  File "/home/gisbomhj/virtualenv/Efunza/3.10/lib/python3.10/site-packages/rest_framework/decorators.py", line 50, in handler
    return func(*args, **kwargs)
  File "/home/gisbomhj/Efunza/api/views.py", line 2751, in admin_dashboard_stats
    top_books = Book.objects.filter(is_published=True).annotate(
  File "/home/gisbomhj/virtualenv/Efunza/3.10/lib/python3.10/site-packages/django/db/models/query.py", line 1654, in annotate
    return self._annotate(args, kwargs, select=True)
  File "/home/gisbomhj/virtualenv/Efunza/3.10/lib/python3.10/site-packages/django/db/models/query.py", line 1706, in _annotate
    clone.query.add_annotation(
  File "/home/gisbomhj/virtualenv/Efunza/3.10/lib/python3.10/site-packages/django/db/models/sql/query.py", line 1220, in add_annotation
    annotation = annotation.resolve_expression(self, allow_joins=True, reuse=None)
  File "/home/gisbomhj/virtualenv/Efunza/3.10/lib/python3.10/site-packages/django/db/models/aggregates.py", line 176, in resolve_expression
    result = super().resolve_expression(*args, **kwargs)
  File "/home/gisbomhj/virtualenv/Efunza/3.10/lib/python3.10/site-packages/django/db/models/aggregates.py", line 63, in resolve_expression
    c = super().resolve_expression(query, allow_joins, reuse, summarize)
  File "/home/gisbomhj/virtualenv/Efunza/3.10/lib/python3.10/site-packages/django/db/models/expressions.py", line 298, in resolve_expression
    source_expressions = [
  File "/home/gisbomhj/virtualenv/Efunza/3.10/lib/python3.10/site-packages/django/db/models/expressions.py", line 300, in <listcomp>
    expr.resolve_expression(query, allow_joins, reuse, summarize, for_save)
  File "/home/gisbomhj/virtualenv/Efunza/3.10/lib/python3.10/site-packages/django/db/models/expressions.py", line 902, in resolve_expression
    return query.resolve_ref(self.name, allow_joins, reuse, summarize)
  File "/home/gisbomhj/virtualenv/Efunza/3.10/lib/python3.10/site-packages/django/db/models/sql/query.py", line 2057, in resolve_ref
    join_info = self.setup_joins(
  File "/home/gisbomhj/virtualenv/Efunza/3.10/lib/python3.10/site-packages/django/db/models/sql/query.py", line 1908, in setup_joins
    path, final_field, targets, rest = self.names_to_path(
  File "/home/gisbomhj/virtualenv/Efunza/3.10/lib/python3.10/site-packages/django/db/models/sql/query.py", line 1813, in names_to_path
    raise FieldError(
django.core.exceptions.FieldError: Cannot resolve keyword 'userbook' into field. Choices are: author, category, cover, created_at, description, estimated_minutes, external_url, file, grade, id, is_featured, is_published, language, metadata, pages, program, reader_records, reading_level, slug, text_content, title, updated_at, xp_reward
ERROR 2026-07-30 22:24:38,484 log 3890417 139708881528640 Internal Server Error: /api/admin/dashboard/stats/
Traceback (most recent call last):
  File "/home/gisbomhj/virtualenv/Efunza/3.10/lib/python3.10/site-packages/django/core/handlers/exception.py", line 55, in inner
    response = get_response(request)
  File "/home/gisbomhj/virtualenv/Efunza/3.10/lib/python3.10/site-packages/django/core/handlers/base.py", line 197, in _get_response
    response = wrapped_callback(request, *callback_args, **callback_kwargs)
  File "/home/gisbomhj/virtualenv/Efunza/3.10/lib/python3.10/site-packages/django/views/decorators/csrf.py", line 65, in _view_wrapper
    return view_func(request, *args, **kwargs)
  File "/home/gisbomhj/virtualenv/Efunza/3.10/lib/python3.10/site-packages/django/views/generic/base.py", line 105, in view
    return self.dispatch(request, *args, **kwargs)
  File "/home/gisbomhj/virtualenv/Efunza/3.10/lib/python3.10/site-packages/rest_framework/views.py", line 515, in dispatch
    response = self.handle_exception(exc)
  File "/home/gisbomhj/virtualenv/Efunza/3.10/lib/python3.10/site-packages/rest_framework/views.py", line 475, in handle_exception
    self.raise_uncaught_exception(exc)
  File "/home/gisbomhj/virtualenv/Efunza/3.10/lib/python3.10/site-packages/rest_framework/views.py", line 486, in raise_uncaught_exception
    raise exc
  File "/home/gisbomhj/virtualenv/Efunza/3.10/lib/python3.10/site-packages/rest_framework/views.py", line 512, in dispatch
    response = handler(request, *args, **kwargs)
  File "/home/gisbomhj/virtualenv/Efunza/3.10/lib/python3.10/site-packages/rest_framework/decorators.py", line 50, in handler
    return func(*args, **kwargs)
  File "/home/gisbomhj/Efunza/api/views.py", line 2751, in admin_dashboard_stats
    top_books = Book.objects.filter(is_published=True).annotate(
  File "/home/gisbomhj/virtualenv/Efunza/3.10/lib/python3.10/site-packages/django/db/models/query.py", line 1654, in annotate
    return self._annotate(args, kwargs, select=True)
  File "/home/gisbomhj/virtualenv/Efunza/3.10/lib/python3.10/site-packages/django/db/models/query.py", line 1706, in _annotate
    clone.query.add_annotation(
  File "/home/gisbomhj/virtualenv/Efunza/3.10/lib/python3.10/site-packages/django/db/models/sql/query.py", line 1220, in add_annotation
    annotation = annotation.resolve_expression(self, allow_joins=True, reuse=None)
  File "/home/gisbomhj/virtualenv/Efunza/3.10/lib/python3.10/site-packages/django/db/models/aggregates.py", line 176, in resolve_expression
    result = super().resolve_expression(*args, **kwargs)
  File "/home/gisbomhj/virtualenv/Efunza/3.10/lib/python3.10/site-packages/django/db/models/aggregates.py", line 63, in resolve_expression
    c = super().resolve_expression(query, allow_joins, reuse, summarize)
  File "/home/gisbomhj/virtualenv/Efunza/3.10/lib/python3.10/site-packages/django/db/models/expressions.py", line 298, in resolve_expression
    source_expressions = [
  File "/home/gisbomhj/virtualenv/Efunza/3.10/lib/python3.10/site-packages/django/db/models/expressions.py", line 300, in <listcomp>
    expr.resolve_expression(query, allow_joins, reuse, summarize, for_save)
  File "/home/gisbomhj/virtualenv/Efunza/3.10/lib/python3.10/site-packages/django/db/models/expressions.py", line 902, in resolve_expression
    return query.resolve_ref(self.name, allow_joins, reuse, summarize)
  File "/home/gisbomhj/virtualenv/Efunza/3.10/lib/python3.10/site-packages/django/db/models/sql/query.py", line 2057, in resolve_ref
    join_info = self.setup_joins(
  File "/home/gisbomhj/virtualenv/Efunza/3.10/lib/python3.10/site-packages/django/db/models/sql/query.py", line 1908, in setup_joins
    path, final_field, targets, rest = self.names_to_path(
  File "/home/gisbomhj/virtualenv/Efunza/3.10/lib/python3.10/site-packages/django/db/models/sql/query.py", line 1813, in names_to_path
    raise FieldError(
django.core.exceptions.FieldError: Cannot resolve keyword 'userbook' into field. Choices are: author, category, cover, created_at, description, estimated_minutes, external_url, file, grade, id, is_featured, is_published, language, metadata, pages, program, reader_records, reading_level, slug, text_content, title, updated_at, xp_reward
ERROR 2026-07-30 22:24:39,220 log 3890417 139708881528640 Internal Server Error: /api/admin/dashboard/stats/
Traceback (most recent call last):
  File "/home/gisbomhj/virtualenv/Efunza/3.10/lib/python3.10/site-packages/django/core/handlers/exception.py", line 55, in inner
    response = get_response(request)
  File "/home/gisbomhj/virtualenv/Efunza/3.10/lib/python3.10/site-packages/django/core/handlers/base.py", line 197, in _get_response
    response = wrapped_callback(request, *callback_args, **callback_kwargs)
  File "/home/gisbomhj/virtualenv/Efunza/3.10/lib/python3.10/site-packages/django/views/decorators/csrf.py", line 65, in _view_wrapper
    return view_func(request, *args, **kwargs)
  File "/home/gisbomhj/virtualenv/Efunza/3.10/lib/python3.10/site-packages/django/views/generic/base.py", line 105, in view
    return self.dispatch(request, *args, **kwargs)
  File "/home/gisbomhj/virtualenv/Efunza/3.10/lib/python3.10/site-packages/rest_framework/views.py", line 515, in dispatch
    response = self.handle_exception(exc)
  File "/home/gisbomhj/virtualenv/Efunza/3.10/lib/python3.10/site-packages/rest_framework/views.py", line 475, in handle_exception
    self.raise_uncaught_exception(exc)
  File "/home/gisbomhj/virtualenv/Efunza/3.10/lib/python3.10/site-packages/rest_framework/views.py", line 486, in raise_uncaught_exception
    raise exc
  File "/home/gisbomhj/virtualenv/Efunza/3.10/lib/python3.10/site-packages/rest_framework/views.py", line 512, in dispatch
    response = handler(request, *args, **kwargs)
  File "/home/gisbomhj/virtualenv/Efunza/3.10/lib/python3.10/site-packages/rest_framework/decorators.py", line 50, in handler
    return func(*args, **kwargs)
  File "/home/gisbomhj/Efunza/api/views.py", line 2751, in admin_dashboard_stats
    top_books = Book.objects.filter(is_published=True).annotate(
  File "/home/gisbomhj/virtualenv/Efunza/3.10/lib/python3.10/site-packages/django/db/models/query.py", line 1654, in annotate
    return self._annotate(args, kwargs, select=True)
  File "/home/gisbomhj/virtualenv/Efunza/3.10/lib/python3.10/site-packages/django/db/models/query.py", line 1706, in _annotate
    clone.query.add_annotation(
  File "/home/gisbomhj/virtualenv/Efunza/3.10/lib/python3.10/site-packages/django/db/models/sql/query.py", line 1220, in add_annotation
    annotation = annotation.resolve_expression(self, allow_joins=True, reuse=None)
  File "/home/gisbomhj/virtualenv/Efunza/3.10/lib/python3.10/site-packages/django/db/models/aggregates.py", line 176, in resolve_expression
    result = super().resolve_expression(*args, **kwargs)
  File "/home/gisbomhj/virtualenv/Efunza/3.10/lib/python3.10/site-packages/django/db/models/aggregates.py", line 63, in resolve_expression
    c = super().resolve_expression(query, allow_joins, reuse, summarize)
  File "/home/gisbomhj/virtualenv/Efunza/3.10/lib/python3.10/site-packages/django/db/models/expressions.py", line 298, in resolve_expression
    source_expressions = [
  File "/home/gisbomhj/virtualenv/Efunza/3.10/lib/python3.10/site-packages/django/db/models/expressions.py", line 300, in <listcomp>
    expr.resolve_expression(query, allow_joins, reuse, summarize, for_save)
  File "/home/gisbomhj/virtualenv/Efunza/3.10/lib/python3.10/site-packages/django/db/models/expressions.py", line 902, in resolve_expression
    return query.resolve_ref(self.name, allow_joins, reuse, summarize)
  File "/home/gisbomhj/virtualenv/Efunza/3.10/lib/python3.10/site-packages/django/db/models/sql/query.py", line 2057, in resolve_ref
    join_info = self.setup_joins(
  File "/home/gisbomhj/virtualenv/Efunza/3.10/lib/python3.10/site-packages/django/db/models/sql/query.py", line 1908, in setup_joins
    path, final_field, targets, rest = self.names_to_path(
  File "/home/gisbomhj/virtualenv/Efunza/3.10/lib/python3.10/site-packages/django/db/models/sql/query.py", line 1813, in names_to_path
    raise FieldError(
django.core.exceptions.FieldError: Cannot resolve keyword 'userbook' into field. Choices are: author, category, cover, created_at, description, estimated_minutes, external_url, file, grade, id, is_featured, is_published, language, metadata, pages, program, reader_records, reading_level, slug, text_content, title, updated_at, xp_reward
